// Jest Snapshot v1, https://goo.gl/fbAQLP

exports[`ClientsTable renders without crash 1`] = `
<body>
  <div>
    <table>
      <thead>
        <tr>
          <td>
            #
          </td>
          <td>
            First name
          </td>
          <td>
            Last name
          </td>
          <td>
            Phone number
          </td>
          <td>
            Address
          </td>
          <td
            align="right"
          >
            Actions
          </td>
        </tr>
      </thead>
      <tbody>
        <tr>
          <td>
            1
          </td>
          <td>
            foo
          </td>
          <td>
            bar
          </td>
          <td>
            911
          </td>
          <td>
            mars
          </td>
          <td
            align="right"
          >
            <icon-button
              aria-label="edit"
            >
              <svg />
            </icon-button>
            <icon-button
              aria-label="delete"
            >
              <svg />
            </icon-button>
          </td>
        </tr>
        <tr>
          <td>
            2
          </td>
          <td>
            jr. foo
          </td>
          <td>
            bar
          </td>
          <td>
            112
          </td>
          <td>
            5451
          </td>
          <td
            align="right"
          >
            <icon-button
              aria-label="edit"
            >
              <svg />
            </icon-button>
            <icon-button
              aria-label="delete"
            >
              <svg />
            </icon-button>
          </td>
        </tr>
      </tbody>
    </table>
  </div>
</body>
`;
